<?xml version="1.0" encoding="UTF-8"?>
<osm version="0.6" generator="Overpass API">
<note>The data included in this document is from www.openstreetmap.org. The data is made available under ODbL.</note>
<meta osm_base=""/>

  <marker id="1">
    <tag k="test" v="output styles"/>
  </marker>
  <marker id="2">
    <tag k="test" v="bbox queries"/>
  </marker>
  <marker id="3">
    <tag k="test" v="tag queries"/>
  </marker>
  <marker id="4">
    <tag k="test" v="recurse"/>
  </marker>
  <marker id="5">
    <tag k="test" v="contains queries"/>
  </marker>
  <marker id="6">
    <tag k="test" v="various queries"/>
  </marker>
  <two_aggregators id="7">
    <tag k="first" v=""/>
    <tag k="second" v=""/>
  </two_aggregators>

</osm>
