<?xml version="1.0" encoding="UTF-8"?>
<osm version="0.6" generator="Overpass API">
<note>The data included in this document is from www.openstreetmap.org. The data is made available under ODbL.</note>
<meta osm_base=""/>

  <timeline id="1">
    <tag k="reftype" v="node"/>
    <tag k="ref" v="1101"/>
    <tag k="refversion" v="1"/>
    <tag k="created" v="2013-07-01T09:01:11Z"/>
  </timeline>
  <timeline id="2">
    <tag k="reftype" v="node"/>
    <tag k="ref" v="1201"/>
    <tag k="refversion" v="1"/>
    <tag k="created" v="2013-07-01T09:01:11Z"/>
  </timeline>
  <timeline id="3">
    <tag k="reftype" v="node"/>
    <tag k="ref" v="1202"/>
    <tag k="refversion" v="1"/>
    <tag k="created" v="2013-07-01T09:01:12Z"/>
  </timeline>
  <timeline id="4">
    <tag k="reftype" v="node"/>
    <tag k="ref" v="1203"/>
    <tag k="refversion" v="1"/>
    <tag k="created" v="2013-07-01T09:01:13Z"/>
  </timeline>
  <timeline id="5">
    <tag k="reftype" v="node"/>
    <tag k="ref" v="1301"/>
    <tag k="refversion" v="1"/>
    <tag k="created" v="2013-07-01T09:01:11Z"/>
  </timeline>
  <timeline id="6">
    <tag k="reftype" v="node"/>
    <tag k="ref" v="1302"/>
    <tag k="refversion" v="1"/>
    <tag k="created" v="2013-07-01T09:01:12Z"/>
  </timeline>
  <timeline id="7">
    <tag k="reftype" v="node"/>
    <tag k="ref" v="1303"/>
    <tag k="refversion" v="1"/>
    <tag k="created" v="2013-07-01T09:01:13Z"/>
  </timeline>
  <timeline id="8">
    <tag k="reftype" v="node"/>
    <tag k="ref" v="1304"/>
    <tag k="refversion" v="1"/>
    <tag k="created" v="2013-07-01T09:01:14Z"/>
  </timeline>
  <timeline id="9">
    <tag k="reftype" v="node"/>
    <tag k="ref" v="1401"/>
    <tag k="refversion" v="1"/>
    <tag k="created" v="2013-07-01T09:01:11Z"/>
  </timeline>
  <timeline id="10">
    <tag k="reftype" v="node"/>
    <tag k="ref" v="1402"/>
    <tag k="refversion" v="1"/>
    <tag k="created" v="2013-07-01T09:01:12Z"/>
  </timeline>
  <timeline id="11">
    <tag k="reftype" v="node"/>
    <tag k="ref" v="1403"/>
    <tag k="refversion" v="1"/>
    <tag k="created" v="2013-07-01T09:01:13Z"/>
  </timeline>
  <timeline id="12">
    <tag k="reftype" v="node"/>
    <tag k="ref" v="1404"/>
    <tag k="refversion" v="1"/>
    <tag k="created" v="2013-07-01T09:01:14Z"/>
  </timeline>
  <timeline id="13">
    <tag k="reftype" v="node"/>
    <tag k="ref" v="1501"/>
    <tag k="refversion" v="1"/>
    <tag k="created" v="2013-07-01T09:01:11Z"/>
  </timeline>
  <timeline id="14">
    <tag k="reftype" v="node"/>
    <tag k="ref" v="1502"/>
    <tag k="refversion" v="1"/>
    <tag k="created" v="2013-07-01T09:01:12Z"/>
  </timeline>
  <timeline id="15">
    <tag k="reftype" v="node"/>
    <tag k="ref" v="1503"/>
    <tag k="refversion" v="1"/>
    <tag k="created" v="2013-07-01T09:01:13Z"/>
  </timeline>
  <timeline id="16">
    <tag k="reftype" v="node"/>
    <tag k="ref" v="1504"/>
    <tag k="refversion" v="1"/>
    <tag k="created" v="2013-07-01T09:01:14Z"/>
  </timeline>
  <timeline id="17">
    <tag k="reftype" v="node"/>
    <tag k="ref" v="1505"/>
    <tag k="refversion" v="1"/>
    <tag k="created" v="2013-07-01T09:01:15Z"/>
  </timeline>
  <timeline id="18">
    <tag k="reftype" v="way"/>
    <tag k="ref" v="1101"/>
    <tag k="refversion" v="1"/>
    <tag k="created" v="2013-07-01T09:01:11Z"/>
  </timeline>
  <timeline id="19">
    <tag k="reftype" v="way"/>
    <tag k="ref" v="1201"/>
    <tag k="refversion" v="1"/>
    <tag k="created" v="2013-07-01T09:01:11Z"/>
  </timeline>
  <timeline id="20">
    <tag k="reftype" v="way"/>
    <tag k="ref" v="1202"/>
    <tag k="refversion" v="1"/>
    <tag k="created" v="2013-07-01T09:01:12Z"/>
  </timeline>
  <timeline id="21">
    <tag k="reftype" v="way"/>
    <tag k="ref" v="1203"/>
    <tag k="refversion" v="1"/>
    <tag k="created" v="2013-07-01T09:01:13Z"/>
  </timeline>
  <timeline id="22">
    <tag k="reftype" v="way"/>
    <tag k="ref" v="1301"/>
    <tag k="refversion" v="1"/>
    <tag k="created" v="2013-07-01T09:01:11Z"/>
  </timeline>
  <timeline id="23">
    <tag k="reftype" v="way"/>
    <tag k="ref" v="1302"/>
    <tag k="refversion" v="1"/>
    <tag k="created" v="2013-07-01T09:01:12Z"/>
  </timeline>
  <timeline id="24">
    <tag k="reftype" v="way"/>
    <tag k="ref" v="1303"/>
    <tag k="refversion" v="1"/>
    <tag k="created" v="2013-07-01T09:01:13Z"/>
  </timeline>
  <timeline id="25">
    <tag k="reftype" v="way"/>
    <tag k="ref" v="1304"/>
    <tag k="refversion" v="1"/>
    <tag k="created" v="2013-07-01T09:01:14Z"/>
  </timeline>
  <timeline id="26">
    <tag k="reftype" v="way"/>
    <tag k="ref" v="1401"/>
    <tag k="refversion" v="1"/>
    <tag k="created" v="2013-07-01T09:01:11Z"/>
  </timeline>
  <timeline id="27">
    <tag k="reftype" v="way"/>
    <tag k="ref" v="1402"/>
    <tag k="refversion" v="1"/>
    <tag k="created" v="2013-07-01T09:01:12Z"/>
  </timeline>
  <timeline id="28">
    <tag k="reftype" v="way"/>
    <tag k="ref" v="1403"/>
    <tag k="refversion" v="1"/>
    <tag k="created" v="2013-07-01T09:01:13Z"/>
  </timeline>
  <timeline id="29">
    <tag k="reftype" v="way"/>
    <tag k="ref" v="1404"/>
    <tag k="refversion" v="1"/>
    <tag k="created" v="2013-07-01T09:01:14Z"/>
  </timeline>
  <timeline id="30">
    <tag k="reftype" v="way"/>
    <tag k="ref" v="1501"/>
    <tag k="refversion" v="1"/>
    <tag k="created" v="2013-07-01T09:01:11Z"/>
  </timeline>
  <timeline id="31">
    <tag k="reftype" v="way"/>
    <tag k="ref" v="1502"/>
    <tag k="refversion" v="1"/>
    <tag k="created" v="2013-07-01T09:01:12Z"/>
  </timeline>
  <timeline id="32">
    <tag k="reftype" v="way"/>
    <tag k="ref" v="1503"/>
    <tag k="refversion" v="1"/>
    <tag k="created" v="2013-07-01T09:01:13Z"/>
  </timeline>
  <timeline id="33">
    <tag k="reftype" v="way"/>
    <tag k="ref" v="1504"/>
    <tag k="refversion" v="1"/>
    <tag k="created" v="2013-07-01T09:01:14Z"/>
  </timeline>
  <timeline id="34">
    <tag k="reftype" v="way"/>
    <tag k="ref" v="1505"/>
    <tag k="refversion" v="1"/>
    <tag k="created" v="2013-07-01T09:01:15Z"/>
  </timeline>
  <timeline id="35">
    <tag k="reftype" v="way"/>
    <tag k="ref" v="1601"/>
    <tag k="refversion" v="1"/>
    <tag k="created" v="2013-07-01T09:01:11Z"/>
  </timeline>
  <timeline id="36">
    <tag k="reftype" v="way"/>
    <tag k="ref" v="1602"/>
    <tag k="refversion" v="1"/>
    <tag k="created" v="2013-07-01T09:01:12Z"/>
  </timeline>
  <timeline id="37">
    <tag k="reftype" v="way"/>
    <tag k="ref" v="1603"/>
    <tag k="refversion" v="1"/>
    <tag k="created" v="2013-07-01T09:01:13Z"/>
  </timeline>
  <timeline id="38">
    <tag k="reftype" v="way"/>
    <tag k="ref" v="1701"/>
    <tag k="refversion" v="1"/>
    <tag k="created" v="2013-07-01T09:01:11Z"/>
  </timeline>
  <timeline id="39">
    <tag k="reftype" v="way"/>
    <tag k="ref" v="1702"/>
    <tag k="refversion" v="1"/>
    <tag k="created" v="2013-07-01T09:01:12Z"/>
  </timeline>
  <timeline id="40">
    <tag k="reftype" v="way"/>
    <tag k="ref" v="1703"/>
    <tag k="refversion" v="1"/>
    <tag k="created" v="2013-07-01T09:01:13Z"/>
  </timeline>
  <timeline id="41">
    <tag k="reftype" v="way"/>
    <tag k="ref" v="1801"/>
    <tag k="refversion" v="1"/>
    <tag k="created" v="2013-07-01T09:01:11Z"/>
  </timeline>
  <timeline id="42">
    <tag k="reftype" v="way"/>
    <tag k="ref" v="1802"/>
    <tag k="refversion" v="1"/>
    <tag k="created" v="2013-07-01T09:01:12Z"/>
  </timeline>
  <timeline id="43">
    <tag k="reftype" v="way"/>
    <tag k="ref" v="1803"/>
    <tag k="refversion" v="1"/>
    <tag k="created" v="2013-07-01T09:01:13Z"/>
  </timeline>
  <timeline id="44">
    <tag k="reftype" v="relation"/>
    <tag k="ref" v="1111"/>
    <tag k="refversion" v="1"/>
    <tag k="created" v="2013-07-01T09:01:11Z"/>
  </timeline>
  <timeline id="45">
    <tag k="reftype" v="relation"/>
    <tag k="ref" v="1121"/>
    <tag k="refversion" v="1"/>
    <tag k="created" v="2013-07-01T09:01:11Z"/>
  </timeline>
  <timeline id="46">
    <tag k="reftype" v="relation"/>
    <tag k="ref" v="1131"/>
    <tag k="refversion" v="1"/>
    <tag k="created" v="2013-07-01T09:01:11Z"/>
  </timeline>
  <timeline id="47">
    <tag k="reftype" v="relation"/>
    <tag k="ref" v="1141"/>
    <tag k="refversion" v="1"/>
    <tag k="created" v="2013-07-01T09:01:11Z"/>
  </timeline>
  <timeline id="48">
    <tag k="reftype" v="relation"/>
    <tag k="ref" v="1171"/>
    <tag k="refversion" v="1"/>
    <tag k="created" v="2013-07-01T09:01:11Z"/>
  </timeline>
  <timeline id="49">
    <tag k="reftype" v="relation"/>
    <tag k="ref" v="1201"/>
    <tag k="refversion" v="1"/>
    <tag k="created" v="2013-07-01T09:01:11Z"/>
  </timeline>
  <timeline id="50">
    <tag k="reftype" v="relation"/>
    <tag k="ref" v="1202"/>
    <tag k="refversion" v="1"/>
    <tag k="created" v="2013-07-01T09:01:12Z"/>
  </timeline>
  <timeline id="51">
    <tag k="reftype" v="relation"/>
    <tag k="ref" v="1203"/>
    <tag k="refversion" v="1"/>
    <tag k="created" v="2013-07-01T09:01:13Z"/>
  </timeline>
  <timeline id="52">
    <tag k="reftype" v="relation"/>
    <tag k="ref" v="1311"/>
    <tag k="refversion" v="1"/>
    <tag k="created" v="2013-07-01T09:01:11Z"/>
  </timeline>
  <timeline id="53">
    <tag k="reftype" v="relation"/>
    <tag k="ref" v="1312"/>
    <tag k="refversion" v="1"/>
    <tag k="created" v="2013-07-01T09:01:12Z"/>
  </timeline>
  <timeline id="54">
    <tag k="reftype" v="relation"/>
    <tag k="ref" v="1313"/>
    <tag k="refversion" v="1"/>
    <tag k="created" v="2013-07-01T09:01:13Z"/>
  </timeline>
  <timeline id="55">
    <tag k="reftype" v="relation"/>
    <tag k="ref" v="1314"/>
    <tag k="refversion" v="1"/>
    <tag k="created" v="2013-07-01T09:01:14Z"/>
  </timeline>
  <timeline id="56">
    <tag k="reftype" v="relation"/>
    <tag k="ref" v="1321"/>
    <tag k="refversion" v="1"/>
    <tag k="created" v="2013-07-01T09:01:11Z"/>
  </timeline>
  <timeline id="57">
    <tag k="reftype" v="relation"/>
    <tag k="ref" v="1322"/>
    <tag k="refversion" v="1"/>
    <tag k="created" v="2013-07-01T09:01:12Z"/>
  </timeline>
  <timeline id="58">
    <tag k="reftype" v="relation"/>
    <tag k="ref" v="1323"/>
    <tag k="refversion" v="1"/>
    <tag k="created" v="2013-07-01T09:01:13Z"/>
  </timeline>
  <timeline id="59">
    <tag k="reftype" v="relation"/>
    <tag k="ref" v="1324"/>
    <tag k="refversion" v="1"/>
    <tag k="created" v="2013-07-01T09:01:14Z"/>
  </timeline>
  <timeline id="60">
    <tag k="reftype" v="relation"/>
    <tag k="ref" v="1325"/>
    <tag k="refversion" v="1"/>
    <tag k="created" v="2013-07-01T09:01:15Z"/>
  </timeline>
  <timeline id="61">
    <tag k="reftype" v="relation"/>
    <tag k="ref" v="1326"/>
    <tag k="refversion" v="1"/>
    <tag k="created" v="2013-07-01T09:01:16Z"/>
  </timeline>
  <timeline id="62">
    <tag k="reftype" v="relation"/>
    <tag k="ref" v="1327"/>
    <tag k="refversion" v="1"/>
    <tag k="created" v="2013-07-01T09:01:17Z"/>
  </timeline>
  <timeline id="63">
    <tag k="reftype" v="relation"/>
    <tag k="ref" v="1331"/>
    <tag k="refversion" v="1"/>
    <tag k="created" v="2013-07-01T09:01:11Z"/>
  </timeline>
  <timeline id="64">
    <tag k="reftype" v="relation"/>
    <tag k="ref" v="1332"/>
    <tag k="refversion" v="1"/>
    <tag k="created" v="2013-07-01T09:01:12Z"/>
  </timeline>
  <timeline id="65">
    <tag k="reftype" v="relation"/>
    <tag k="ref" v="1333"/>
    <tag k="refversion" v="1"/>
    <tag k="created" v="2013-07-01T09:01:13Z"/>
  </timeline>
  <timeline id="66">
    <tag k="reftype" v="relation"/>
    <tag k="ref" v="1334"/>
    <tag k="refversion" v="1"/>
    <tag k="created" v="2013-07-01T09:01:14Z"/>
  </timeline>
  <timeline id="67">
    <tag k="reftype" v="relation"/>
    <tag k="ref" v="1411"/>
    <tag k="refversion" v="1"/>
    <tag k="created" v="2013-07-01T09:01:11Z"/>
  </timeline>
  <timeline id="68">
    <tag k="reftype" v="relation"/>
    <tag k="ref" v="1412"/>
    <tag k="refversion" v="1"/>
    <tag k="created" v="2013-07-01T09:01:12Z"/>
  </timeline>
  <timeline id="69">
    <tag k="reftype" v="relation"/>
    <tag k="ref" v="1413"/>
    <tag k="refversion" v="1"/>
    <tag k="created" v="2013-07-01T09:01:13Z"/>
  </timeline>
  <timeline id="70">
    <tag k="reftype" v="relation"/>
    <tag k="ref" v="1414"/>
    <tag k="refversion" v="1"/>
    <tag k="created" v="2013-07-01T09:01:14Z"/>
  </timeline>
  <timeline id="71">
    <tag k="reftype" v="relation"/>
    <tag k="ref" v="1421"/>
    <tag k="refversion" v="1"/>
    <tag k="created" v="2013-07-01T09:01:11Z"/>
  </timeline>
  <timeline id="72">
    <tag k="reftype" v="relation"/>
    <tag k="ref" v="1422"/>
    <tag k="refversion" v="1"/>
    <tag k="created" v="2013-07-01T09:01:12Z"/>
  </timeline>
  <timeline id="73">
    <tag k="reftype" v="relation"/>
    <tag k="ref" v="1423"/>
    <tag k="refversion" v="1"/>
    <tag k="created" v="2013-07-01T09:01:13Z"/>
  </timeline>
  <timeline id="74">
    <tag k="reftype" v="relation"/>
    <tag k="ref" v="1424"/>
    <tag k="refversion" v="1"/>
    <tag k="created" v="2013-07-01T09:01:14Z"/>
  </timeline>
  <timeline id="75">
    <tag k="reftype" v="relation"/>
    <tag k="ref" v="1425"/>
    <tag k="refversion" v="1"/>
    <tag k="created" v="2013-07-01T09:01:15Z"/>
  </timeline>
  <timeline id="76">
    <tag k="reftype" v="relation"/>
    <tag k="ref" v="1426"/>
    <tag k="refversion" v="1"/>
    <tag k="created" v="2013-07-01T09:01:16Z"/>
  </timeline>
  <timeline id="77">
    <tag k="reftype" v="relation"/>
    <tag k="ref" v="1427"/>
    <tag k="refversion" v="1"/>
    <tag k="created" v="2013-07-01T09:01:17Z"/>
  </timeline>
  <timeline id="78">
    <tag k="reftype" v="relation"/>
    <tag k="ref" v="1431"/>
    <tag k="refversion" v="1"/>
    <tag k="created" v="2013-07-01T09:01:11Z"/>
  </timeline>
  <timeline id="79">
    <tag k="reftype" v="relation"/>
    <tag k="ref" v="1432"/>
    <tag k="refversion" v="1"/>
    <tag k="created" v="2013-07-01T09:01:12Z"/>
  </timeline>
  <timeline id="80">
    <tag k="reftype" v="relation"/>
    <tag k="ref" v="1433"/>
    <tag k="refversion" v="1"/>
    <tag k="created" v="2013-07-01T09:01:13Z"/>
  </timeline>
  <timeline id="81">
    <tag k="reftype" v="relation"/>
    <tag k="ref" v="1434"/>
    <tag k="refversion" v="1"/>
    <tag k="created" v="2013-07-01T09:01:14Z"/>
  </timeline>
  <timeline id="82">
    <tag k="reftype" v="relation"/>
    <tag k="ref" v="1501"/>
    <tag k="refversion" v="1"/>
    <tag k="created" v="2013-07-01T09:01:11Z"/>
  </timeline>
  <timeline id="83">
    <tag k="reftype" v="relation"/>
    <tag k="ref" v="1502"/>
    <tag k="refversion" v="1"/>
    <tag k="created" v="2013-07-01T09:01:12Z"/>
  </timeline>
  <timeline id="84">
    <tag k="reftype" v="relation"/>
    <tag k="ref" v="1503"/>
    <tag k="refversion" v="1"/>
    <tag k="created" v="2013-07-01T09:01:13Z"/>
  </timeline>
  <timeline id="85">
    <tag k="reftype" v="relation"/>
    <tag k="ref" v="1504"/>
    <tag k="refversion" v="1"/>
    <tag k="created" v="2013-07-01T09:01:14Z"/>
  </timeline>
  <timeline id="86">
    <tag k="reftype" v="relation"/>
    <tag k="ref" v="1505"/>
    <tag k="refversion" v="1"/>
    <tag k="created" v="2013-07-01T09:01:15Z"/>
  </timeline>
  <timeline id="87">
    <tag k="reftype" v="relation"/>
    <tag k="ref" v="1611"/>
    <tag k="refversion" v="1"/>
    <tag k="created" v="2013-07-01T09:01:11Z"/>
  </timeline>
  <timeline id="88">
    <tag k="reftype" v="relation"/>
    <tag k="ref" v="1612"/>
    <tag k="refversion" v="1"/>
    <tag k="created" v="2013-07-01T09:01:12Z"/>
  </timeline>
  <timeline id="89">
    <tag k="reftype" v="relation"/>
    <tag k="ref" v="1613"/>
    <tag k="refversion" v="1"/>
    <tag k="created" v="2013-07-01T09:01:13Z"/>
  </timeline>
  <timeline id="90">
    <tag k="reftype" v="relation"/>
    <tag k="ref" v="1621"/>
    <tag k="refversion" v="1"/>
    <tag k="created" v="2013-07-01T09:01:11Z"/>
  </timeline>
  <timeline id="91">
    <tag k="reftype" v="relation"/>
    <tag k="ref" v="1622"/>
    <tag k="refversion" v="1"/>
    <tag k="created" v="2013-07-01T09:01:12Z"/>
  </timeline>
  <timeline id="92">
    <tag k="reftype" v="relation"/>
    <tag k="ref" v="1623"/>
    <tag k="refversion" v="1"/>
    <tag k="created" v="2013-07-01T09:01:13Z"/>
  </timeline>
  <timeline id="93">
    <tag k="reftype" v="relation"/>
    <tag k="ref" v="1631"/>
    <tag k="refversion" v="1"/>
    <tag k="created" v="2013-07-01T09:01:11Z"/>
  </timeline>
  <timeline id="94">
    <tag k="reftype" v="relation"/>
    <tag k="ref" v="1632"/>
    <tag k="refversion" v="1"/>
    <tag k="created" v="2013-07-01T09:01:12Z"/>
  </timeline>
  <timeline id="95">
    <tag k="reftype" v="relation"/>
    <tag k="ref" v="1633"/>
    <tag k="refversion" v="1"/>
    <tag k="created" v="2013-07-01T09:01:13Z"/>
  </timeline>
  <timeline id="96">
    <tag k="reftype" v="relation"/>
    <tag k="ref" v="1641"/>
    <tag k="refversion" v="1"/>
    <tag k="created" v="2013-07-01T09:01:11Z"/>
  </timeline>
  <timeline id="97">
    <tag k="reftype" v="relation"/>
    <tag k="ref" v="1642"/>
    <tag k="refversion" v="1"/>
    <tag k="created" v="2013-07-01T09:01:12Z"/>
  </timeline>
  <timeline id="98">
    <tag k="reftype" v="relation"/>
    <tag k="ref" v="1643"/>
    <tag k="refversion" v="1"/>
    <tag k="created" v="2013-07-01T09:01:13Z"/>
  </timeline>
  <timeline id="99">
    <tag k="reftype" v="relation"/>
    <tag k="ref" v="1671"/>
    <tag k="refversion" v="1"/>
    <tag k="created" v="2013-07-01T09:01:11Z"/>
  </timeline>
  <timeline id="100">
    <tag k="reftype" v="relation"/>
    <tag k="ref" v="1672"/>
    <tag k="refversion" v="1"/>
    <tag k="created" v="2013-07-01T09:01:12Z"/>
  </timeline>
  <timeline id="101">
    <tag k="reftype" v="relation"/>
    <tag k="ref" v="1673"/>
    <tag k="refversion" v="1"/>
    <tag k="created" v="2013-07-01T09:01:13Z"/>
  </timeline>
  <timeline id="102">
    <tag k="reftype" v="relation"/>
    <tag k="ref" v="1711"/>
    <tag k="refversion" v="1"/>
    <tag k="created" v="2013-07-01T09:01:11Z"/>
  </timeline>
  <timeline id="103">
    <tag k="reftype" v="relation"/>
    <tag k="ref" v="1712"/>
    <tag k="refversion" v="1"/>
    <tag k="created" v="2013-07-01T09:01:12Z"/>
  </timeline>
  <timeline id="104">
    <tag k="reftype" v="relation"/>
    <tag k="ref" v="1713"/>
    <tag k="refversion" v="1"/>
    <tag k="created" v="2013-07-01T09:01:13Z"/>
  </timeline>
  <timeline id="105">
    <tag k="reftype" v="relation"/>
    <tag k="ref" v="1721"/>
    <tag k="refversion" v="1"/>
    <tag k="created" v="2013-07-01T09:01:11Z"/>
  </timeline>
  <timeline id="106">
    <tag k="reftype" v="relation"/>
    <tag k="ref" v="1722"/>
    <tag k="refversion" v="1"/>
    <tag k="created" v="2013-07-01T09:01:12Z"/>
  </timeline>
  <timeline id="107">
    <tag k="reftype" v="relation"/>
    <tag k="ref" v="1723"/>
    <tag k="refversion" v="1"/>
    <tag k="created" v="2013-07-01T09:01:13Z"/>
  </timeline>
  <timeline id="108">
    <tag k="reftype" v="relation"/>
    <tag k="ref" v="1731"/>
    <tag k="refversion" v="1"/>
    <tag k="created" v="2013-07-01T09:01:11Z"/>
  </timeline>
  <timeline id="109">
    <tag k="reftype" v="relation"/>
    <tag k="ref" v="1732"/>
    <tag k="refversion" v="1"/>
    <tag k="created" v="2013-07-01T09:01:12Z"/>
  </timeline>
  <timeline id="110">
    <tag k="reftype" v="relation"/>
    <tag k="ref" v="1733"/>
    <tag k="refversion" v="1"/>
    <tag k="created" v="2013-07-01T09:01:13Z"/>
  </timeline>
  <timeline id="111">
    <tag k="reftype" v="relation"/>
    <tag k="ref" v="1741"/>
    <tag k="refversion" v="1"/>
    <tag k="created" v="2013-07-01T09:01:11Z"/>
  </timeline>
  <timeline id="112">
    <tag k="reftype" v="relation"/>
    <tag k="ref" v="1742"/>
    <tag k="refversion" v="1"/>
    <tag k="created" v="2013-07-01T09:01:12Z"/>
  </timeline>
  <timeline id="113">
    <tag k="reftype" v="relation"/>
    <tag k="ref" v="1743"/>
    <tag k="refversion" v="1"/>
    <tag k="created" v="2013-07-01T09:01:13Z"/>
  </timeline>
  <timeline id="114">
    <tag k="reftype" v="relation"/>
    <tag k="ref" v="1771"/>
    <tag k="refversion" v="1"/>
    <tag k="created" v="2013-07-01T09:01:11Z"/>
  </timeline>
  <timeline id="115">
    <tag k="reftype" v="relation"/>
    <tag k="ref" v="1772"/>
    <tag k="refversion" v="1"/>
    <tag k="created" v="2013-07-01T09:01:12Z"/>
  </timeline>
  <timeline id="116">
    <tag k="reftype" v="relation"/>
    <tag k="ref" v="1773"/>
    <tag k="refversion" v="1"/>
    <tag k="created" v="2013-07-01T09:01:13Z"/>
  </timeline>
  <timeline id="117">
    <tag k="reftype" v="relation"/>
    <tag k="ref" v="1811"/>
    <tag k="refversion" v="1"/>
    <tag k="created" v="2013-07-01T09:01:11Z"/>
  </timeline>
  <timeline id="118">
    <tag k="reftype" v="relation"/>
    <tag k="ref" v="1812"/>
    <tag k="refversion" v="1"/>
    <tag k="created" v="2013-07-01T09:01:12Z"/>
  </timeline>
  <timeline id="119">
    <tag k="reftype" v="relation"/>
    <tag k="ref" v="1813"/>
    <tag k="refversion" v="1"/>
    <tag k="created" v="2013-07-01T09:01:13Z"/>
  </timeline>
  <timeline id="120">
    <tag k="reftype" v="relation"/>
    <tag k="ref" v="1821"/>
    <tag k="refversion" v="1"/>
    <tag k="created" v="2013-07-01T09:01:11Z"/>
  </timeline>
  <timeline id="121">
    <tag k="reftype" v="relation"/>
    <tag k="ref" v="1822"/>
    <tag k="refversion" v="1"/>
    <tag k="created" v="2013-07-01T09:01:12Z"/>
  </timeline>
  <timeline id="122">
    <tag k="reftype" v="relation"/>
    <tag k="ref" v="1823"/>
    <tag k="refversion" v="1"/>
    <tag k="created" v="2013-07-01T09:01:13Z"/>
  </timeline>
  <timeline id="123">
    <tag k="reftype" v="relation"/>
    <tag k="ref" v="1831"/>
    <tag k="refversion" v="1"/>
    <tag k="created" v="2013-07-01T09:01:11Z"/>
  </timeline>
  <timeline id="124">
    <tag k="reftype" v="relation"/>
    <tag k="ref" v="1832"/>
    <tag k="refversion" v="1"/>
    <tag k="created" v="2013-07-01T09:01:12Z"/>
  </timeline>
  <timeline id="125">
    <tag k="reftype" v="relation"/>
    <tag k="ref" v="1833"/>
    <tag k="refversion" v="1"/>
    <tag k="created" v="2013-07-01T09:01:13Z"/>
  </timeline>
  <timeline id="126">
    <tag k="reftype" v="relation"/>
    <tag k="ref" v="1841"/>
    <tag k="refversion" v="1"/>
    <tag k="created" v="2013-07-01T09:01:11Z"/>
  </timeline>
  <timeline id="127">
    <tag k="reftype" v="relation"/>
    <tag k="ref" v="1842"/>
    <tag k="refversion" v="1"/>
    <tag k="created" v="2013-07-01T09:01:12Z"/>
  </timeline>
  <timeline id="128">
    <tag k="reftype" v="relation"/>
    <tag k="ref" v="1843"/>
    <tag k="refversion" v="1"/>
    <tag k="created" v="2013-07-01T09:01:13Z"/>
  </timeline>
  <timeline id="129">
    <tag k="reftype" v="relation"/>
    <tag k="ref" v="1871"/>
    <tag k="refversion" v="1"/>
    <tag k="created" v="2013-07-01T09:01:11Z"/>
  </timeline>
  <timeline id="130">
    <tag k="reftype" v="relation"/>
    <tag k="ref" v="1872"/>
    <tag k="refversion" v="1"/>
    <tag k="created" v="2013-07-01T09:01:12Z"/>
  </timeline>
  <timeline id="131">
    <tag k="reftype" v="relation"/>
    <tag k="ref" v="1873"/>
    <tag k="refversion" v="1"/>
    <tag k="created" v="2013-07-01T09:01:13Z"/>
  </timeline>
  <timeline id="132">
    <tag k="reftype" v="relation"/>
    <tag k="ref" v="1901"/>
    <tag k="refversion" v="1"/>
    <tag k="created" v="2013-07-01T09:01:11Z"/>
  </timeline>
  <timeline id="133">
    <tag k="reftype" v="relation"/>
    <tag k="ref" v="1911"/>
    <tag k="refversion" v="1"/>
    <tag k="created" v="2013-07-01T09:01:11Z"/>
  </timeline>
  <timeline id="134">
    <tag k="reftype" v="relation"/>
    <tag k="ref" v="1921"/>
    <tag k="refversion" v="1"/>
    <tag k="created" v="2013-07-01T09:01:11Z"/>
  </timeline>
  <timeline id="135">
    <tag k="reftype" v="relation"/>
    <tag k="ref" v="1922"/>
    <tag k="refversion" v="1"/>
    <tag k="created" v="2013-07-01T09:01:12Z"/>
  </timeline>
  <timeline id="136">
    <tag k="reftype" v="relation"/>
    <tag k="ref" v="1941"/>
    <tag k="refversion" v="1"/>
    <tag k="created" v="2013-07-01T09:01:11Z"/>
  </timeline>

</osm>
